[adm-agri.co.uk/index.html]
[backblue.gif]
[fade.gif]
[index.html]
[adm-agri.co.uk/img/icons/ms-icon.png]
[adm-agri.co.uk/img/icons/favicon.ico]
[adm-agri.co.uk/img/icons/apple-touch-icon.png]
[adm-agri.co.uk/favicon-32x32.png]
[adm-agri.co.uk/favicon-16x16.png]
[adm-agri.co.uk/plugins/ajax-search-lite/css/style.basiccbf4.css]
[adm-agri.co.uk/css/styles1bba.css]
[adm-agri.co.uk/plugins/ajax-search-lite/css/style-curvy-bluecbf4.css]
[adm-agri.co.uk/wp-includes/js/jquery/jqueryb8ff.js]
[adm-agri.co.uk/plugins/ajax-search-lite/css/fonts/icons2.eot]
[adm-agri.co.uk/plugins/ajax-search-lite/css/fonts/icons2d41d.eot]
[adm-agri.co.uk/plugins/ajax-search-lite/css/fonts/icons2.woff]
[adm-agri.co.uk/plugins/ajax-search-lite/css/fonts/icons2.ttf]
[adm-agri.co.uk/contact/index.html]
[adm-agri.co.uk/wp-login.html]
[adm-agri.co.uk/wp-loginc94b.html]
[adm-agri.co.uk/about/index.html]
[adm-agri.co.uk/careers/index.html]
[adm-agri.co.uk/contact/offices/index.html]
[adm-agri.co.uk/uploads/General-COVID19-Banner-002.png]
[adm-agri.co.uk/contact/ports/index.html]
[adm-agri.co.uk/accreditations/index.html]
[adm-agri.co.uk/uploads/Feed-Wheat-1400x500.jpg]
[adm-agri.co.uk/products/grain/index.html]
[adm-agri.co.uk/uploads/winter-barley.jpg]
[adm-agri.co.uk/products/index.html]
[adm-agri.co.uk/products/fertiliser/index.html]
[adm-agri.co.uk/products/seed/index.html]
[adm-agri.co.uk/uploads/Stock-Market-Chart-1400x500.jpg]
[adm-agri.co.uk/uploads/Peas-1400x500.jpg]
[adm-agri.co.uk/uploads/market-report-17.31.01-480x320.jpg]
[adm-agri.co.uk/uploads/weather-480x320.jpg]
[adm-agri.co.uk/products/human-consumption-pulses/index.html]
[adm-agri.co.uk/products/processing/index.html]
[adm-agri.co.uk/uploads/weather.jpg]
[platform.twitter.com/widgets.js]
[adm-agri.co.uk/uploads/pulses-480x320.jpg]
[adm-agri.co.uk/uploads/fertiliser-480x320.jpg]
[adm-agri.co.uk/products/bioenergy/index.html]
[adm-agri.co.uk/uploads/seed-480x320.jpg]
[adm-agri.co.uk/uploads/ADM-Modern-Slavery-Statement-2018-FINAL.pdf]
[adm-agri.co.uk/products/marketing-solutions/index.html]
[adm-agri.co.uk/communications/index.html]
[adm-agri.co.uk/products/marketing-solutions/pool/index.html]
[adm-agri.co.uk/comments/index.html]
[adm-agri.co.uk/uploads/so-css/so-css-gleadell51ea.css]
[adm-agri.co.uk/report/index.html]
[adm-agri.co.uk/js/vendor/jquery4d85.js]
[adm-agri.co.uk/communications/news/index.html]
[adm-agri.co.uk/js/vendor/plugins.min592e.js]
[adm-agri.co.uk/communications/videos/index.html]
[adm-agri.co.uk/js/scriptse5ca.js]
[www.google-analytics.com/analytics.js]
[adm-agri.co.uk/index.html]
[adm-agri.co.uk/plugins/ajax-search-lite/js/min/jquery.ajaxsearchlite.mincbf4.js]
[adm-agri.co.uk/favicon-32x32.html]
[adm-agri.co.uk/responsibility/index.html]
[adm-agri.co.uk/favicon-16x16.html]
[adm-agri.co.uk/markets/index.html]
[adm-agri.co.uk/img/icons/safari-pinned-tab.svg]
[adm-agri.co.uk/news/adm-agriculture-grain-feed-division-covid-19-contingency-plan-statement/index.html]
[adm-agri.co.uk/site.html]
[adm-agri.co.uk/wp-content/themes/gleadell/print.css]
[adm-agri.co.uk/img/adm-logo.svg]
[adm-agri.co.uk/products/fertiliser/alzon-neo-n/index.html]
[adm-agri.co.uk/communications/viewpoint/index.html]
[adm-agri.co.uk/privacy-policy/index.html]
[adm-agri.co.uk/fonts/icomoon41fa.eot]
[adm-agri.co.uk/fonts/icomoon41fa.ttf]
[adm-agri.co.uk/fonts/icomoon41fa.woff]
[adm-agri.co.uk/fonts/weather-icons.eot]
[adm-agri.co.uk/fonts/weather-iconsd41d.eot]
[adm-agri.co.uk/fonts/weather-icons.woff]
[adm-agri.co.uk/fonts/weather-icons.ttf]
[adm-agri.co.uk/img/loading.gif]
[adm-agri.co.uk/img/landing-bg.jpg]
[adm-agri.co.uk/img/video-dropshadow.png]
[adm-agri.co.uk/img/logo-new.png]
[adm-agri.co.uk/img/fill-dot.png]
[adm-agri.co.uk/css/styles1bba.css]
[adm-agri.co.uk/plugins/ajax-search-lite/css/style.basiccbf4.css]
[adm-agri.co.uk/plugins/ajax-search-lite/css/style-curvy-bluecbf4.css]
[adm-agri.co.uk/plugins/ajax-search-lite/css/fonts/icons2.html]
[adm-agri.co.uk/plugins/ajax-search-lite/css/fonts/icons2.svg]
[pbs.twimg.com/media/Fjd_ZERX0AEh92g.jpg]
[adm-agri.co.uk/contact/index.html]
[adm-agri.co.uk/js/locationsb3e8.js]
[adm-agri.co.uk/wp-admin/load-styles04c1.css]
[adm-agri.co.uk/wp-loginc2b6.html]
[adm-agri.co.uk/wp-login.html]
[adm-agri.co.uk/wp-loginc94b.html]
[adm-agri.co.uk/uploads/4F0B9024-Copy-1400x380.jpg]
[adm-agri.co.uk/uploads/Picture1-800x350.jpg]
[adm-agri.co.uk/uploads/Dunns-3-2016-800x350.jpg]
[adm-agri.co.uk/uploads/Code-of-Conduct-800x350.jpg]
[adm-agri.co.uk/uploads/Terms-and-Conditions-of-Sale-2022-23.pdf]
[adm-agri.co.uk/uploads/Terms-and-Conditions-of-Purchase-2022-23-1.pdf]
[adm-agri.co.uk/uploads/Haulage-Terms-and-Conditions-2022-23.pdf]
[adm-agri.co.uk/uploads/Cereal-Seed-Contract-2022-23.pdf]
[adm-agri.co.uk/uploads/Bean-Seed-Terms-2022-23.pdf]
[adm-agri.co.uk/uploads/Combinable-Crops-Passport-2022-version-01-22.pdf]
[adm-agri.co.uk/uploads/Env-Policy-July-17.pdf]
[adm-agri.co.uk/uploads/NaCTSO-Fertiliser-Security-Five-Point-Plan.jpg]
[adm-agri.co.uk/uploads/ADM-UK-Corporate-Social-Responsibility-Policy-Final-2019.pdf]
[adm-agri.co.uk/uploads/Sustainability-Statement-1.pdf]
[adm-agri.co.uk/uploads/Terms-and-Conditions-for-grain-cleaning-Version-3_17348180.pdf]
[adm-agri.co.uk/uploads/Anti-Competitive-Behaviour-and-Anti-Bribery.Corruption-Policy-January-2017.pdf]
[adm-agri.co.uk/uploads/Human-Rights-Policy-January-2018.pdf]
[adm-agri.co.uk/uploads/ADM-Ag-Pea-Buyback-Terms-202021-2.pdf]
[adm-agri.co.uk/uploads/ADM-365-Sign-Up-forms-.pdf]
[adm-agri.co.uk/uploads/grain-and-pulse-home-produced-contract-1-21.pdf]
[adm-agri.co.uk/uploads/FOSFA-26A-Contract.pdf]
[adm-agri.co.uk/uploads/grain-and-pulse-wholesale-2-21.pdf]
[adm-agri.co.uk/about/index.html]
[adm-agri.co.uk/uploads/4F0B9041-1400x380.jpg]
[adm-agri.co.uk/uploads/Woman-operating-a-machine-in-Decatur-production-facility_BX7A9262-v3-800x350.jpg]
[adm-agri.co.uk/careers/graduates/index.html]
[adm-agri.co.uk/careers/placement-opportunities/index.html]
[adm-agri.co.uk/careers/permanent-opportunities/index.html]
[adm-agri.co.uk/uploads/Annotation-2022-01-26-161804.jpg]
[adm-agri.co.uk/careers/temporary-harvest-jobs/index.html]
[adm-agri.co.uk/uploads/Recruitment.jpg]
[adm-agri.co.uk/uploads/Father-and-his-child-playing-together-GettyImages-1028050694-1-800x350.jpg]
[adm-agri.co.uk/uploads/business-team-working-together-at-office-GettyImages-1062278194-800x350.jpg]
[adm-agri.co.uk/careers/index.html]
[adm-agri.co.uk/contact/offices/index.html]
[adm-agri.co.uk/contact/ports/index.html]
[adm-agri.co.uk/uploads/contracts_header.jpg]
[adm-agri.co.uk/uploads/Dunns-3-2016-1400x500.jpg]
[adm-agri.co.uk/uploads/grain-800x350.jpg]
[adm-agri.co.uk/uploads/seed-store-banner-800x350.jpg]
[adm-agri.co.uk/uploads/Farmer-hand-touches-heads-of-wheat-plants_GettyImages-453728559-800x350.jpg]
[adm-agri.co.uk/uploads/Merchant-TASCC-Cert.pdf]
[adm-agri.co.uk/uploads/ADM-Agriulture-Ktd-ISO14001-Certificate.pdf]
[adm-agri.co.uk/uploads/BRCv8-Certificate-ADM-Agriculture-Ltd-Long-Sutton-expires-25.07.23.pdf]
[adm-agri.co.uk/uploads/Certificate_SA00596_SA_Proc-0087-CD21_20211028.pdf]
[adm-agri.co.uk/uploads/ADM-ESTA-Cert-2020-2023.pdf]
[adm-agri.co.uk/uploads/cert_ADM_Agriculture_Ltd_2022.pdf]
[adm-agri.co.uk/uploads/CERT-ADM-Agriculture-Ltd-EFISC-GTP.pdf]
[adm-agri.co.uk/accreditations/index.html]
[adm-agri.co.uk/uploads/weather-1200x380.jpg]
[adm-agri.co.uk/uploads/pulses-1400x380.jpg]
[adm-agri.co.uk/uploads/grain-480x320.jpg]
[adm-agri.co.uk/uploads/croppedpellethomepage-480x320.jpg]
[adm-agri.co.uk/uploads/IMG_4507-480x320.jpg]
[adm-agri.co.uk/uploads/pulse-processing-480x320.jpg]
[adm-agri.co.uk/uploads/contracts_header-480x320.jpg]
[adm-agri.co.uk/uploads/shutterstock_581848357-480x320.jpg]
[adm-agri.co.uk/products/product/index.html]
[adm-agri.co.uk/uploads/shutterstock_126356417-480x320.jpg]
[adm-agri.co.uk/products/delivery/index.html]
[adm-agri.co.uk/uploads/shakinghands-for-web-480x320.jpg]
[adm-agri.co.uk/products/index.html]
[adm-agri.co.uk/uploads/seed-1400x380.jpg]
[adm-agri.co.uk/products/accreditations/index.html]
[adm-agri.co.uk/uploads/gleadell-seed.jpg]
[adm-agri.co.uk/products/feed-2/index.html]
[adm-agri.co.uk/uploads/Capture-2.jpg]
[adm-agri.co.uk/uploads/milling-wheat-1-1400x380.jpg]
[adm-agri.co.uk/uploads/feed-wheat-3-480x320.jpg]
[adm-agri.co.uk/uploads/barley-1-480x320.jpg]
[adm-agri.co.uk/uploads/gleadell-oilseed-rape-480x320.jpg]
[adm-agri.co.uk/uploads/gleadell-oats-480x320.jpg]
[adm-agri.co.uk/uploads/gleadell_organics.jpg]
[adm-agri.co.uk/products/grain/index.html]
[adm-agri.co.uk/products/grain/milling-wheat/index.html]
[adm-agri.co.uk/products/grain/feed-grain/index.html]
[adm-agri.co.uk/uploads/gleadell-fertiliser-1200x380.jpg]
[adm-agri.co.uk/products/grain/malting-barley/index.html]
[adm-agri.co.uk/uploads/nactso-fertiliser-security-five-point-plan.pdf]
[adm-agri.co.uk/products/grain/oilseed-rape/index.html]
[adm-agri.co.uk/uploads/DSC_2412-800x350.jpg]
[adm-agri.co.uk/products/grain/oats/index.html]
[adm-agri.co.uk/uploads/RB-Immingham-neo-N-Oct-18-no-bag-480x320.jpg]
[adm-agri.co.uk/uploads/Bag-being-cut-1-480x320.jpg]
[adm-agri.co.uk/products/grain/organics/index.html]
[adm-agri.co.uk/uploads/20180122_111104_resized-480x320.jpg]
[adm-agri.co.uk/products/grain/pulses/index.html]
[adm-agri.co.uk/uploads/2112018-7334-480x320.jpg]
[adm-agri.co.uk/uploads/3500new66-1-480x320.jpg]
[adm-agri.co.uk/uploads/skw-piamon-480x320.png]
[adm-agri.co.uk/products/fertiliser/cf-fertilisers/index.html]
[adm-agri.co.uk/uploads/cargo-appearance-PIAMON-Small-002-480x320.jpg]
[adm-agri.co.uk/uploads/calcifert-480x300.jpg]
[adm-agri.co.uk/products/fertiliser/index.html]
[adm-agri.co.uk/products/fertiliser/fertilisers/index.html]
[adm-agri.co.uk/products/fertiliser/granular-urea-46-n/index.html]
[adm-agri.co.uk/products/fertiliser/liquids/index.html]
[adm-agri.co.uk/uploads/ADM-OSR3-480x320.png]
[adm-agri.co.uk/products/fertiliser/blendscompounds/index.html]
[adm-agri.co.uk/uploads/gleadell-grass-seed-480x320.jpg]
[adm-agri.co.uk/products/fertiliser/fibrophos/index.html]
[adm-agri.co.uk/uploads/seedcalculatorshutterstock_71202787-480x320.jpg]
[adm-agri.co.uk/products/seed/index.html]
[adm-agri.co.uk/products/fertiliser/piamon-33n-30so3/index.html]
[adm-agri.co.uk/products/fertiliser/calcifert/index.html]
[adm-agri.co.uk/products/seed/seed-varieties-information-2022-23/index.html]
[adm-agri.co.uk/uploads/grain-1400x380.jpg]
[adm-agri.co.uk/products/seed/grass-seed-gamecover-and-forage-crops/index.html]
[adm-agri.co.uk/uploads/shutterstock_19515653pulses3-1-800x350.jpg]
[adm-agri.co.uk/products/seed/seed-calculator/index.html]
[adm-agri.co.uk/uploads/greenhousegas.jpg]
[adm-agri.co.uk/uploads/marrowfat-peas-480x320.jpg]
[adm-agri.co.uk/uploads/faba-beans-480x320.jpg]
[adm-agri.co.uk/uploads/yellow-peas-480x320.jpg]
[adm-agri.co.uk/uploads/large-blue-peas-480x320.jpg]
[adm-agri.co.uk/uploads/Yellow-Split-Peas-480x320.jpg]
[adm-agri.co.uk/products/human-consumption-pulses/marrowfat-peas/index.html]
[adm-agri.co.uk/uploads/green-split-peas-480x320.jpg]
[adm-agri.co.uk/products/human-consumption-pulses/faba-beans/index.html]
[adm-agri.co.uk/uploads/split-beans-480x320.jpg]
[adm-agri.co.uk/uploads/maple-peas-480x320.jpg]
[adm-agri.co.uk/uploads/decorated-peas-480x320.jpg]
[adm-agri.co.uk/products/human-consumption-pulses/index.html]
[adm-agri.co.uk/products/human-consumption-pulses/yellow-peas/index.html]
[adm-agri.co.uk/uploads/pulse-processing-1400x380.jpg]
[adm-agri.co.uk/products/human-consumption-pulses/green-peas/index.html]
[adm-agri.co.uk/uploads/dunns-long-sutton-processing-1400x380.jpg]
[adm-agri.co.uk/products/human-consumption-pulses/yellow-split-peas/index.html]
[adm-agri.co.uk/products/human-consumption-pulses/green-split-peas/index.html]
[adm-agri.co.uk/uploads/dunns-seed-processing-480x320.jpg]
[adm-agri.co.uk/products/human-consumption-pulses/split-beans/index.html]
[adm-agri.co.uk/uploads/seed-storage-uk-480x320.jpg]
[adm-agri.co.uk/uploads/seed-cleaning-480x320.jpg]
[adm-agri.co.uk/products/processing/index.html]
[adm-agri.co.uk/products/feed/index.html]
[adm-agri.co.uk/products/human-consumption-pulses/maple-peas/index.html]
[adm-agri.co.uk/products/human-consumption-pulses/decorticated-product/index.html]
[adm-agri.co.uk/products/processing/pulse-processing-2/index.html]
[adm-agri.co.uk/products/processing/storage/index.html]
[adm-agri.co.uk/products/processing/toll-processing/index.html]
[adm-agri.co.uk/uploads/shutterstock_104299760-1400x380.jpg]
[adm-agri.co.uk/uploads/Basic-Rules-For-Using-Piadin-PDF.pdf]
[adm-agri.co.uk/uploads/Piadin-Leaflet.pdf]
[adm-agri.co.uk/uploads/gleadell-bioenergy-ad-1400x500.jpg]
[adm-agri.co.uk/uploads/pies_table2.png]
[adm-agri.co.uk/uploads/shutterstock_126915125-800x350.jpg]
[adm-agri.co.uk/uploads/spraying_banner-800x300.jpg]
[adm-agri.co.uk/products/bioenergy/index.html]
[adm-agri.co.uk/uploads/shakinghands-for-web-1105x380.jpg]
[adm-agri.co.uk/uploads/125608775-fresh-bread-and-wheat-on-the-wooden-480x320.jpg]
[adm-agri.co.uk/uploads/shutterstock_4612093-480x320.jpg]
[adm-agri.co.uk/uploads/milling-wheat-480x320.jpg]
[adm-agri.co.uk/uploads/DSC_3573-480x320.jpg]
[adm-agri.co.uk/uploads/futures-markets-480x320.jpg]
[adm-agri.co.uk/products/marketing-solutions/adm-field-to-flour-growers-club/index.html]
[adm-agri.co.uk/uploads/gleadell-fertiliser-480x320.jpg]
[adm-agri.co.uk/uploads/gleadell-great-yarmouth-port-store-480x320.jpg]
[adm-agri.co.uk/products/marketing-solutions/index.html]
[adm-agri.co.uk/uploads/shutterstock_4612093-1400x380.jpg]
[adm-agri.co.uk/products/marketing-solutions/pool/index.html]
[adm-agri.co.uk/products/marketing-solutions/weetabix-growers-club/index.html]
[adm-agri.co.uk/products/marketing-solutions/advantage-storage-scheme/index.html]
[adm-agri.co.uk/products/marketing-solutions/gleadell-risk-management/index.html]
[adm-agri.co.uk/products/marketing-solutions/great-yarmouth-growers-club/index.html]
[adm-agri.co.uk/uploads/industrycommunicationsshutterstock_268450493-1400x380.jpg]
[adm-agri.co.uk/uploads/Unknown-480x320.jpg]
[adm-agri.co.uk/communications/index.html]
[adm-agri.co.uk/reports/thursday-8th-december-2022/index.html]
[adm-agri.co.uk/uploads/chart-1-1382x380.png]
[adm-agri.co.uk/videos/catch-cover-cropping-within-an-arable-rotation/index.html]
[adm-agri.co.uk/comments/index.html]
[adm-agri.co.uk/reports/market-report-thursday-1st-december/index.html]
[adm-agri.co.uk/uploads/Stock-Market-Chart-1400x380.jpg]
[adm-agri.co.uk/videos/looking-at-clues-for-corrections-in-the-uk-nitrogen-fertiliser-market/index.html]
[adm-agri.co.uk/reports/thursday-24-november-2022/index.html]
[adm-agri.co.uk/videos/grain-market-update-21-november-2022/index.html]
[adm-agri.co.uk/reports/thursday-17-november-2022/index.html]
[adm-agri.co.uk/uploads/Terms-and-Conditions-of-Purchase-Final.pdf]
[adm-agri.co.uk/report/index.html]
[adm-agri.co.uk/reports/thursday-10-november-2022/index.html]
[adm-agri.co.uk/videos/grain-market-update-31-october-2022/index.html]
[adm-agri.co.uk/reports/thursday-3-november-2022/index.html]
[adm-agri.co.uk/reports/thursday-27-october-2022/index.html]
[adm-agri.co.uk/uploads/WeetabixLogoCMYK_Logo-Only-480x320.jpg]
[adm-agri.co.uk/videos/fertiliser-update-21-october-2022/index.html]
[adm-agri.co.uk/uploads/Feed-Wheat-480x320.jpg]
[adm-agri.co.uk/reports/thursday-20th-october-2022/index.html]
[adm-agri.co.uk/reports/thursday-13th-september/index.html]
[adm-agri.co.uk/uploads/Wheat-harvest-480x320.jpg]
[adm-agri.co.uk/uploads/Farmer-hand-touches-heads-of-wheat-plants_GettyImages-453728559-480x320.jpg]
[adm-agri.co.uk/uploads/JAMES-BARLOW-JODI-CARTER-DAVIES-OUTSIDE-BARNSTONE-VILLAGE-HALL-1-480x320.jpg]
[adm-agri.co.uk/uploads/ADM-Logo-Primary-480x320.png]
[adm-agri.co.uk/reports/thursday-6-october-2022/index.html]
[adm-agri.co.uk/uploads/Guests-480x320.jpg]
[adm-agri.co.uk/uploads/JB-Pic2-480x320.png]
[adm-agri.co.uk/uploads/Cargo-002-480x320.jpg]
[adm-agri.co.uk/uploads/seed-2-480x320.jpg]
[adm-agri.co.uk/reports/thursday-29-september-2022/index.html]
[adm-agri.co.uk/uploads/Feed-your-food-business-e1562763252907.png]
[adm-agri.co.uk/uploads/ADM_logo_dark_gray_PMS-2-e1547719355934.png]
[adm-agri.co.uk/uploads/Lamyman-peas-480x320.jpg]
[adm-agri.co.uk/communications/news/index.html]
[adm-agri.co.uk/communications/videos/index.html]
[adm-agri.co.uk/news/adm-agriculture-supports-local-farmers-with-largest-grain-export-from-east-anglia-this-season/index.html]
[adm-agri.co.uk/reports/thursday-22-september-2022-2/index.html]
[adm-agri.co.uk/uploads/shutterstock_431996716-e1591281264694-1400x380.jpg]
[adm-agri.co.uk/videos/adm-agriculture-nitrogen-fertilisers-growing-customer-choice-with-secure-supply/index.html]
[adm-agri.co.uk/uploads/cornfield-AdobeStock_41565130-800x350.jpg]
[adm-agri.co.uk/reports/thursday-15-september-2022/index.html]
[adm-agri.co.uk/uploads/group-of-childrens-sitting-on-ground-photo-1542810634-71277d95dcbb-2-800x350.jpg]
[adm-agri.co.uk/responsibility/index.html]
[adm-agri.co.uk/videos/grain-market-update-8-september-2022/index.html]
[adm-agri.co.uk/markets/index.html]
[adm-agri.co.uk/js/vendor/flot.minb3e8.js]
[adm-agri.co.uk/reports/thursday-8-september-2022/index.html]
[adm-agri.co.uk/reports/thursday-1-september-2022/index.html]
[adm-agri.co.uk/videos/natural-gas-impacts-on-uk-european-fertiliser-production-august-2022/index.html]
[adm-agri.co.uk/reports/thursday-25-august-2022/index.html]
[adm-agri.co.uk/news/adm-agriculture-grain-feed-division-covid-19-contingency-plan-statement/index.html]
[adm-agri.co.uk/css/alzon68b3.css]
[adm-agri.co.uk/communications/comments/index.html]
[adm-agri.co.uk/reports/thursday-18-august-2022/index.html]
[adm-agri.co.uk/reports/thursday-11-august-2022/index.html]
[adm-agri.co.uk/reports/thursday-8th-december-2022/pdf/6430/index.html]
[adm-agri.co.uk/communications/reports/index.html]
[adm-agri.co.uk/news/adm-agriculture-win-weetabix-responsible-business-award/index.html]
[adm-agri.co.uk/img/alzon/worldfirst_label.png]
[adm-agri.co.uk/news/adm-agriculture-launches-grain-carbon-footprint-scheme-to-improve-raw-material-sustainability/index.html]
[adm-agri.co.uk/news/adm-to-promote-direct-sourcing-for-its-uk-wheat-supply-chain-into-tilbury/index.html]
[adm-agri.co.uk/img/alzon/title-end.png]
[adm-agri.co.uk/img/alzon/icon-wetterextreme.png]
[adm-agri.co.uk/img/alzon/extreme-regen.jpg]
[adm-agri.co.uk/news/harvest-2020-grain-sampling/index.html]
[adm-agri.co.uk/img/alzon/icon-regen.png]
[adm-agri.co.uk/img/alzon/extreme-ohne-regen.jpg]
[adm-agri.co.uk/news/adm-agriculture-supports-local-community-initiative-with-flour-donation/index.html]
[adm-agri.co.uk/img/alzon/icon-sonne.png]
[adm-agri.co.uk/img/alzon/chart-nitrate-losses.png]
[adm-agri.co.uk/news/adm-agriculture-farmer-breakfast-meetings-2020/index.html]
[adm-agri.co.uk/img/alzon/chart-ammonia-losses.png]
[adm-agri.co.uk/img/alzon/reducing-part-applications.png]
[adm-agri.co.uk/news/adm-agriculture-appoint-new-head-of-seed/index.html]
[adm-agri.co.uk/img/alzon/chart-environment-oxide.png]
[adm-agri.co.uk/news/itv-made-in-britain/index.html]
[adm-agri.co.uk/img/alzon/chart-environment-performance.png]
[adm-agri.co.uk/img/alzon/how-it-works.jpg]
[adm-agri.co.uk/img/alzon/icon-ui.png]
[adm-agri.co.uk/news/port-of-dover-cargo-prepares-to-welcome-archer-daniels-midland-adm-to-new-terminal/index.html]
[adm-agri.co.uk/img/alzon/icon-ni.png]
[adm-agri.co.uk/news/tips-on-picking-the-right-winter-barley/index.html]
[adm-agri.co.uk/img/alzon/ALZON_neo-N_Signet_hoch.png]
[adm-agri.co.uk/img/alzon/application-tab1.png]
[adm-agri.co.uk/img/alzon/application-tab2.png]
[adm-agri.co.uk/news/adm-uk-feeding-your-food-business-nutrition-in-the-digital-age/index.html]
[adm-agri.co.uk/uploads/ALZON_neo_N-EN_ADM.pdf]
[adm-agri.co.uk/img/alzon/ALZON_neo_N-EN_Cover.jpg]
[adm-agri.co.uk/products/fertiliser/alzon-neo-n/index.html]
[adm-agri.co.uk/js/alzon68b3.js]
[adm-agri.co.uk/communications/viewpoint/index.html]
[adm-agri.co.uk/news/adm-successfully-completes-acquisition/index.html]
[adm-agri.co.uk/news/adm-to-acquire-gleadell-agriculture-ltd-and-dunns-ltd/index.html]
[adm-agri.co.uk/privacy-policy/index.html]
[adm-agri.co.uk/news/go-green-for-profit-from-peas/index.html]
[adm-agri.co.uk/videos/osr-establishment-principles-10-august-2022/index.html]
[adm-agri.co.uk/videos/piagran-pro-the-ultimate-urease-inhibitor/index.html]
[adm-agri.co.uk/videos/how-to-safely-sample-your-grain-harvest-2022/index.html]
[adm-agri.co.uk/videos/grain-market-update-26-july-2022/index.html]
[adm-agri.co.uk/videos/pea-update-with-keith-costello-30-june-22/index.html]
[adm-agri.co.uk/videos/pea-update-with-keith-costello/index.html]
[adm-agri.co.uk/fonts/Calibri.eot]
[adm-agri.co.uk/videos/grain-market-update-8-june-2022/index.html]
[adm-agri.co.uk/videos/choosing-cranium-should-be-a-no-brainer/index.html]
[adm-agri.co.uk/videos/grain-market-update-26-may-2022/index.html]
[adm-agri.co.uk/videos/the-future-of-urea-and-uan-in-the-uk/index.html]
[adm-agri.co.uk/videos/hybrid-osr-varieties/index.html]
[adm-agri.co.uk/fonts/Calibrid41d.eot]
[adm-agri.co.uk/videos/seed-update-23-february-2022/index.html]
[adm-agri.co.uk/videos/watch-skw-piesteritz-piamon-33n-30so3-being-spread-36m/index.html]
[adm-agri.co.uk/videos/the-future-of-soya-finding-a-sustainable-solution/index.html]
[adm-agri.co.uk/videos/seed-update-4-february-2022-kws-feeris-and-the-newly-launched-bspb-trait-protection-scheme/index.html]
[adm-agri.co.uk/videos/grain-market-update-27-january-2022/index.html]
[adm-agri.co.uk/videos/adm-agriculture-bagging-and-delivering-your-nitrogen-sulphur-compounds-to-farm/index.html]
[adm-agri.co.uk/videos/grain-market-update-20-january-2022/index.html]
[adm-agri.co.uk/videos/grain-market-update-13-january-2022/index.html]
[adm-agri.co.uk/fonts/Calibri.woff]
[adm-agri.co.uk/fonts/Calibri.ttf]
[adm-agri.co.uk/fonts/Calibri.svg]
[adm-agri.co.uk/uploads/so-css/so-css-gleadell51ea.css]
[adm-agri.co.uk/fonts/icomoon41fa.svg]
[adm-agri.co.uk/fonts/weather-icons.svg]
[adm-agri.co.uk/wp-includes/fonts/dashicons.eot]
[adm-agri.co.uk/wp-admin/images/loading.gif]
[adm-agri.co.uk/wp-admin/images/w-logo-blue7a53.png]
[adm-agri.co.uk/wp-admin/load-styles04c1.css]
[adm-agri.co.uk/css/admin4963.css]
[adm-agri.co.uk/wp-login9a06.html]
[adm-agri.co.uk/wp-admin/index.html]
[adm-agri.co.uk/wp-loginc2b6.html]
[www.gleadell.co.uk/uploads/4F0B9024-Copy-1-1400x380.html]
[adm-agri.co.uk/careers/graduates/index.html]
[www.gleadell.co.uk/uploads/Home-screen-415x380.html]
[adm-agri.co.uk/careers/placement-opportunities/index.html]
[www.gleadell.co.uk/uploads/shutterstock_54488323-2-1400x380.html]
[adm-agri.co.uk/careers/permanent-opportunities/index.html]
[www.gleadell.co.uk/uploads/winter-barley.html]
[adm-agri.co.uk/careers/temporary-harvest-jobs/index.html]
[adm-agri.co.uk/uploads/pellets_1_large.jpg]
[adm-agri.co.uk/uploads/blown-in-1.jpg]
[adm-agri.co.uk/uploads/DSC_0286-1400x380.jpg]
[adm-agri.co.uk/uploads/IMG_4484-1400x380.jpg]
[adm-agri.co.uk/uploads/enplus-accreditation-logo.png]
[adm-agri.co.uk/uploads/bsl-accreditation-logo.png]
[adm-agri.co.uk/uploads/uk-pellet-council-logo.png]
[adm-agri.co.uk/uploads/DSC_0286-800x350.jpg]
[adm-agri.co.uk/uploads/IMG_4474-800x350.jpg]
[adm-agri.co.uk/uploads/IMG_4484-1-800x350.jpg]
[adm-agri.co.uk/uploads/pellet-graph.jpg]
[adm-agri.co.uk/products/product/index.html]
[adm-agri.co.uk/uploads/IMG_4507-1400x380.jpg]
[adm-agri.co.uk/uploads/Del_map_pellets_2_grande.jpg]
[adm-agri.co.uk/products/delivery/index.html]
[adm-agri.co.uk/uploads/bsl-authorised-logo.png]
[adm-agri.co.uk/uploads/enplus-a1-logo.png]
[adm-agri.co.uk/products/accreditations/index.html]
[adm-agri.co.uk/uploads/shutterstock_581848357-1400x380.jpg]
[adm-agri.co.uk/uploads/shutterstock_54488323-2-800x350.jpg]
[adm-agri.co.uk/uploads/shutterstock_581848357-800x350.jpg]
[adm-agri.co.uk/uploads/shutterstock_176369960-800x350.jpg]
[adm-agri.co.uk/products/feed-2/index.html]
[adm-agri.co.uk/uploads/milling-wheat-3-1400x380.jpg]
[adm-agri.co.uk/products/grain/milling-wheat/index.html]
[adm-agri.co.uk/uploads/DSC_0175-1400x380.jpg]
[adm-agri.co.uk/uploads/IMG_1269-800x350.jpg]
[adm-agri.co.uk/products/grain/feed-grain/index.html]
[adm-agri.co.uk/uploads/barley-1-1280x380.jpg]
[adm-agri.co.uk/uploads/winter-barley-800x350.jpg]
[adm-agri.co.uk/uploads/barley-sunset-800x350.jpg]
[adm-agri.co.uk/products/grain/malting-barley/index.html]
[adm-agri.co.uk/uploads/gleadell-oilseed-rape-1200x380.jpg]
[adm-agri.co.uk/uploads/Picture1-1-1312x500.jpg]
[adm-agri.co.uk/products/grain/oilseed-rape/index.html]
[adm-agri.co.uk/uploads/gleadell-oats-1400x380.jpg]
[adm-agri.co.uk/products/grain/oats/index.html]
[adm-agri.co.uk/uploads/gleadell-pulses-1400x500.jpg]
[adm-agri.co.uk/products/grain/organics/index.html]
[adm-agri.co.uk/uploads/gleadell-pulses-1400x380.jpg]
[adm-agri.co.uk/uploads/pulses-800x350.jpg]
[adm-agri.co.uk/uploads/20181029_105710-800x350.jpg]
[adm-agri.co.uk/uploads/Aikido-Flowering-1-800x350.jpg]
[adm-agri.co.uk/uploads/gleadell-maize-800x350.jpg]
[adm-agri.co.uk/products/grain/pulses/index.html]
[adm-agri.co.uk/products/marketing-solutions/blue-bag-tracker-scheme/index.html]
[adm-agri.co.uk/uploads/Bag-being-cut-1-1400x380.jpg]
[adm-agri.co.uk/uploads/gleadell-cf-fertiliser-speading.jpg]
[adm-agri.co.uk/uploads/cfi_logo_RGB_color_pos1.png]
[adm-agri.co.uk/uploads/2_Nitram_Bags_CF-800x350.jpg]
[adm-agri.co.uk/products/fertiliser/cf-fertilisers/index.html]
[adm-agri.co.uk/uploads/2112018-7341-1400x380.jpg]
[adm-agri.co.uk/uploads/G-Urea-800x350.jpg]
[adm-agri.co.uk/uploads/Amsul-800x350.jpg]
[adm-agri.co.uk/uploads/MOP-800x350.jpg]
[adm-agri.co.uk/uploads/Piarumin.jpg]
[adm-agri.co.uk/products/fertiliser/fertilisers/index.html]
[adm-agri.co.uk/uploads/2112018-7334-1400x380.jpg]
[adm-agri.co.uk/products/fertiliser/granular-urea-46-n/index.html]
[adm-agri.co.uk/uploads/3500new66-1-1400x380.jpg]
[adm-agri.co.uk/uploads/Brineflow-tanks-800x350.jpg]
[adm-agri.co.uk/uploads/486060430-Combine-harvesting-the-field-of-wheat-800x350.jpg]
[adm-agri.co.uk/uploads/Nitrasol-A4-AdvaNShield-Leaflet-Final.pdf]
[adm-agri.co.uk/products/fertiliser/liquids/index.html]
[adm-agri.co.uk/products/fertiliser/blendscompounds/index.html]
[adm-agri.co.uk/uploads/skw-piamon-1400x380.png]
[adm-agri.co.uk/uploads/fibrophos-logo-green.gif]
[adm-agri.co.uk/uploads/p-grow.jpg]
[adm-agri.co.uk/uploads/KalFos.jpg]
[adm-agri.co.uk/products/fertiliser/fibrophos/index.html]
[adm-agri.co.uk/uploads/20180202_071843_resized-1008x380.jpg]
[adm-agri.co.uk/uploads/ADM-Piamon-brochure-web-Nov-21.pdf]
[adm-agri.co.uk/products/fertiliser/piamon-33n-30so3/index.html]
[adm-agri.co.uk/uploads/calcifert.jpg]
[adm-agri.co.uk/uploads/calcifert1.jpg]
[adm-agri.co.uk/uploads/Calcifert-Sulphur-bags-800x350.jpg]
[adm-agri.co.uk/products/fertiliser/calcifert/index.html]
[adm-agri.co.uk/uploads/ADM-OSR3-1084x380.png]
[adm-agri.co.uk/uploads/Seed-Brochure-2022-23-version-2.pdf]
[adm-agri.co.uk/uploads/Annotation-2022-05-20-142915.jpg]
[adm-agri.co.uk/products/seed/seed-varieties-information-2022-23/index.html]
[adm-agri.co.uk/uploads/gleadell-grass-seed.jpg]
[adm-agri.co.uk/products/seed/grass-seed-gamecover-and-forage-crops/index.html]
[adm-agri.co.uk/uploads/seedcalculatorshutterstock_71202787-1000x380.jpg]
[adm-agri.co.uk/products/seed/seed-calculator/index.html]
[adm-agri.co.uk/uploads/marrowfat-peas-1400x380.jpg]
[adm-agri.co.uk/uploads/kabuki-logo.gif]
[adm-agri.co.uk/products/human-consumption-pulses/marrowfat-peas/index.html]
[adm-agri.co.uk/uploads/faba-beans-1400x380.jpg]
[adm-agri.co.uk/products/human-consumption-pulses/faba-beans/index.html]
[adm-agri.co.uk/uploads/yellow-peas-1400x380.jpg]
[adm-agri.co.uk/products/human-consumption-pulses/yellow-peas/index.html]
[adm-agri.co.uk/uploads/large-blue-peas-1400x380.jpg]
[adm-agri.co.uk/products/human-consumption-pulses/green-peas/index.html]
[adm-agri.co.uk/uploads/Yellow-Split-Peas-1400x380.jpg]
[adm-agri.co.uk/products/human-consumption-pulses/yellow-split-peas/index.html]
[adm-agri.co.uk/uploads/green-split-peas-1400x380.jpg]
[adm-agri.co.uk/products/human-consumption-pulses/green-split-peas/index.html]
[adm-agri.co.uk/uploads/split-beans-1400x380.jpg]
[adm-agri.co.uk/products/human-consumption-pulses/split-beans/index.html]
[adm-agri.co.uk/uploads/maple-peas-1400x380.jpg]
[adm-agri.co.uk/products/human-consumption-pulses/maple-peas/index.html]
[adm-agri.co.uk/uploads/decorated-peas-1400x380.jpg]
[adm-agri.co.uk/products/human-consumption-pulses/decorticated-product/index.html]
[adm-agri.co.uk/uploads/dunns-seed-processing-1400x380.jpg]
[adm-agri.co.uk/products/processing/pulse-processing-2/index.html]
[adm-agri.co.uk/uploads/seed-storage-uk-1400x380.jpg]
[adm-agri.co.uk/uploads/dunns-seeds-1400x380.jpg]
[adm-agri.co.uk/products/processing/storage/index.html]
[adm-agri.co.uk/uploads/seed-cleaning-1400x380.jpg]
[adm-agri.co.uk/uploads/dunns-long-sutton-sorter-1400x380.jpg]
[adm-agri.co.uk/products/processing/toll-processing/index.html]
[adm-agri.co.uk/uploads/486060430-Combine-harvesting-the-field-of-wheat-1400x380.jpg]
[adm-agri.co.uk/uploads/ADM-Crop2-800x350.png]
[adm-agri.co.uk/uploads/Table.jpg]
[adm-agri.co.uk/uploads/shutterstock_431996716-e1591281264694-800x350.jpg]
[adm-agri.co.uk/products/marketing-solutions/adm-field-to-flour-growers-club/index.html]
[adm-agri.co.uk/uploads/milling-wheat-1400x380.jpg]
[adm-agri.co.uk/uploads/wheatabix.jpg]
[adm-agri.co.uk/uploads/homepage-banner-1-800x350.jpg]
[adm-agri.co.uk/products/marketing-solutions/weetabix-growers-club/index.html]
[adm-agri.co.uk/uploads/DSC_3573-1024x380.jpg]
[adm-agri.co.uk/uploads/gleadell-grain-store-immingham-1-764x350.jpg]
[adm-agri.co.uk/products/marketing-solutions/advantage-storage-scheme/index.html]
[adm-agri.co.uk/uploads/Capture.png]
[adm-agri.co.uk/uploads/Reflection-800x350.jpg]
[adm-agri.co.uk/uploads/seedcalculatorshutterstock_71202787-800x350.jpg]
[adm-agri.co.uk/uploads/soy-800x350.png]
[adm-agri.co.uk/products/marketing-solutions/gleadell-risk-management/index.html]
[adm-agri.co.uk/uploads/2010-10-072010_16_11_jpg-002-640x380.jpg]
[adm-agri.co.uk/products/marketing-solutions/great-yarmouth-growers-club/index.html]
[adm-agri.co.uk/reports/thursday-8th-december-2022/index.html]
[adm-agri.co.uk/uploads/about-us-video-bg.jpg]
[adm-agri.co.uk/videos/catch-cover-cropping-within-an-arable-rotation/index.html]
[adm-agri.co.uk/reports/market-report-thursday-1st-december/index.html]
[adm-agri.co.uk/videos/looking-at-clues-for-corrections-in-the-uk-nitrogen-fertiliser-market/index.html]
[adm-agri.co.uk/reports/thursday-24-november-2022/index.html]
[adm-agri.co.uk/videos/grain-market-update-21-november-2022/index.html]
[adm-agri.co.uk/reports/thursday-17-november-2022/index.html]
[adm-agri.co.uk/reports/thursday-10-november-2022/index.html]
[adm-agri.co.uk/reports/thursday-3-november-2022/index.html]
[adm-agri.co.uk/videos/grain-market-update-31-october-2022/index.html]
[adm-agri.co.uk/reports/thursday-27-october-2022/index.html]
[adm-agri.co.uk/videos/fertiliser-update-21-october-2022/index.html]
[adm-agri.co.uk/reports/thursday-20th-october-2022/index.html]
[adm-agri.co.uk/reports/thursday-13th-september/index.html]
[adm-agri.co.uk/reports/thursday-6-october-2022/index.html]
[adm-agri.co.uk/reports/thursday-29-september-2022/index.html]
[adm-agri.co.uk/uploads/IMG-20220923-WA0005.jpg]
[adm-agri.co.uk/news/adm-agriculture-supports-local-farmers-with-largest-grain-export-from-east-anglia-this-season/index.html]
[adm-agri.co.uk/reports/thursday-22-september-2022-2/index.html]
[adm-agri.co.uk/videos/adm-agriculture-nitrogen-fertilisers-growing-customer-choice-with-secure-supply/index.html]
[adm-agri.co.uk/reports/thursday-15-september-2022/index.html]
[adm-agri.co.uk/videos/grain-market-update-8-september-2022/index.html]
[adm-agri.co.uk/reports/thursday-8-september-2022/index.html]
[adm-agri.co.uk/reports/thursday-1-september-2022/index.html]
[adm-agri.co.uk/videos/natural-gas-impacts-on-uk-european-fertiliser-production-august-2022/index.html]
[adm-agri.co.uk/uploads/Annotation-2022-08-25-163522.jpg]
[adm-agri.co.uk/reports/thursday-25-august-2022/index.html]
[adm-agri.co.uk/uploads/TTF-Gas-future.jpg]
[adm-agri.co.uk/reports/thursday-18-august-2022/index.html]
[adm-agri.co.uk/reports/thursday-11-august-2022/index.html]
[adm-agri.co.uk/communications/comments/index.html]
[adm-agri.co.uk/communications/reports/index.html]
[adm-agri.co.uk/comments/thursday-28-march-2019/index.html]
[adm-agri.co.uk/reports/thursday-4-august-2022/index.html]
[adm-agri.co.uk/comments/tuesday-29-march-2019/index.html]
[adm-agri.co.uk/news/adm-agriculture-win-weetabix-responsible-business-award/index.html]
[adm-agri.co.uk/reports/thursday-28-july-2022/index.html]
[adm-agri.co.uk/comments/wednesday-27-march-2019/index.html]
[adm-agri.co.uk/reports/thursday-14-july-2022/index.html]
[adm-agri.co.uk/reports/thursday-21-july-2022/index.html]
[adm-agri.co.uk/reports/thursday-30-june-2022/index.html]
[adm-agri.co.uk/news/adm-agriculture-launches-grain-carbon-footprint-scheme-to-improve-raw-material-sustainability/index.html]
[adm-agri.co.uk/reports/thursday-23-june-2022/index.html]
[adm-agri.co.uk/reports/thursday-9-june-2022/index.html]
[adm-agri.co.uk/reports/thursday-7-july-2022/index.html]
[adm-agri.co.uk/reports/thursday-16-june-2022/index.html]
[adm-agri.co.uk/uploads/Wheat-harvest.jpg]
[adm-agri.co.uk/news/adm-to-promote-direct-sourcing-for-its-uk-wheat-supply-chain-into-tilbury/index.html]
[adm-agri.co.uk/news/harvest-2020-grain-sampling/index.html]
[adm-agri.co.uk/news/adm-agriculture-supports-local-community-initiative-with-flour-donation/index.html]
[adm-agri.co.uk/news/adm-agriculture-farmer-breakfast-meetings-2020/index.html]
[adm-agri.co.uk/news/adm-agriculture-appoint-new-head-of-seed/index.html]
[adm-agri.co.uk/news/itv-made-in-britain/index.html]
[adm-agri.co.uk/news/port-of-dover-cargo-prepares-to-welcome-archer-daniels-midland-adm-to-new-terminal/index.html]
[adm-agri.co.uk/news/tips-on-picking-the-right-winter-barley/index.html]
[adm-agri.co.uk/news/adm-uk-feeding-your-food-business-nutrition-in-the-digital-age/index.html]
[adm-agri.co.uk/news/adm-successfully-completes-acquisition/index.html]
[adm-agri.co.uk/news/adm-to-acquire-gleadell-agriculture-ltd-and-dunns-ltd/index.html]
[adm-agri.co.uk/news/go-green-for-profit-from-peas/index.html]
[adm-agri.co.uk/videos/osr-establishment-principles-10-august-2022/index.html]
[adm-agri.co.uk/videos/how-to-safely-sample-your-grain-harvest-2022/index.html]
[adm-agri.co.uk/videos/piagran-pro-the-ultimate-urease-inhibitor/index.html]
[adm-agri.co.uk/videos/grain-market-update-26-july-2022/index.html]
[adm-agri.co.uk/videos/pea-update-with-keith-costello-30-june-22/index.html]
[adm-agri.co.uk/videos/pea-update-with-keith-costello/index.html]
[adm-agri.co.uk/videos/grain-market-update-8-june-2022/index.html]
[adm-agri.co.uk/videos/grain-market-update-26-may-2022/index.html]
[adm-agri.co.uk/videos/choosing-cranium-should-be-a-no-brainer/index.html]
[adm-agri.co.uk/videos/the-future-of-urea-and-uan-in-the-uk/index.html]
[adm-agri.co.uk/videos/hybrid-osr-varieties/index.html]
[adm-agri.co.uk/videos/seed-update-23-february-2022/index.html]
[adm-agri.co.uk/videos/watch-skw-piesteritz-piamon-33n-30so3-being-spread-36m/index.html]
[adm-agri.co.uk/videos/the-future-of-soya-finding-a-sustainable-solution/index.html]
[adm-agri.co.uk/videos/seed-update-4-february-2022-kws-feeris-and-the-newly-launched-bspb-trait-protection-scheme/index.html]
[adm-agri.co.uk/videos/grain-market-update-27-january-2022/index.html]
[adm-agri.co.uk/videos/adm-agriculture-bagging-and-delivering-your-nitrogen-sulphur-compounds-to-farm/index.html]
[adm-agri.co.uk/videos/grain-market-update-20-january-2022/index.html]
[adm-agri.co.uk/videos/grain-market-update-13-january-2022/index.html]
[uploads.webflow.com/5810790f41544af165210611/5810818d6642e5e465b356e8_home-alzon-neo-feld.jpg]
[adm-agri.co.uk/css/alzon68b3.css]
[adm-agri.co.uk/img/alzon/n-stabilised.svg]
[adm-agri.co.uk/img/alzon/alzon-neo-n.svg]
[adm-agri.co.uk/img/alzon/the-future-of-fertilisation.svg]
[adm-agri.co.uk/img/alzon/icon-ok.svg]
[adm-agri.co.uk/fonts/Calibri.html]
[adm-agri.co.uk/fonts/Calibrid41d.html]
[adm-agri.co.uk/fonts/Calibri-2.html]
[adm-agri.co.uk/fonts/Calibri-3.html]
[adm-agri.co.uk/wp-admin/images/wordpress-logo7d6b.svg]
[adm-agri.co.uk/wp-admin/&reauth=1]
[adm-agri.co.uk/wp-login9a06.html]
[www.gleadell.co.uk/uploads/IMG_4444-800x533.html]
[www.gleadell.co.uk/uploads/blown-in.html]
[www.gleadell.co.uk/uploads/IMG_4514-800x533.html]
[adm-agri.co.uk/comments/thursday-28-march-2019/index.html]
[adm-agri.co.uk/comments/wednesday-27-march-2019/index.html]
[adm-agri.co.uk/comments/tuesday-29-march-2019/index.html]
[adm-agri.co.uk/reports/thursday-4-august-2022/index.html]
[adm-agri.co.uk/reports/thursday-28-july-2022/index.html]
[adm-agri.co.uk/reports/thursday-21-july-2022/index.html]
[adm-agri.co.uk/reports/thursday-14-july-2022/index.html]
[adm-agri.co.uk/reports/thursday-7-july-2022/index.html]
[adm-agri.co.uk/reports/thursday-30-june-2022/index.html]
[adm-agri.co.uk/reports/thursday-23-june-2022/index.html]
[adm-agri.co.uk/uploads/Picture1-5.png]
[adm-agri.co.uk/reports/thursday-16-june-2022/index.html]
[adm-agri.co.uk/reports/thursday-9-june-2022/index.html]
[www.gleadell.co.uk/uploads/Go-Green-for-Profit-From-Peas-Jan-19.html]
[www.gleadell.co.uk/uploads/Combining-LG-Stallion-2.html]
[cms.838888.co.uk/css/admin68b3.css]
[adm-agri.co.uk/wp-admin/&reauth=1.html]
